[www.davidhernandezministries.com/index.html]
[backblue.gif]
[fade.gif]
[index.html]
[use.typekit.net/ik/E58A7LaW3hLQVOiSDyngbU6EG1S__4tb6NmzV88qF26fe0IIfFHN4UJLFRbh52jhWDmywAbkwRBKjcF8wQShwRgc52jDFR8yjs7CMkG0jAFu-WsoShFGZAsude80ZkoRdhXCHKoyjamTiY8Djhy8ZYmC-Ao1Oco8if37OcBDOcu8OfG0ZeBh-Asq-Ai]
[static1.squarespace.com/static/sitecss/5a1d221bbce17620f86369aa/117/52a74dafe4b073a80cd253c5/5a1d221bbce17620f86369be/1043/site.css]
[connect.facebook.net/en_US/fbevents.js]
[www.davidhernandezministries.com/david.html]
[www.davidhernandezministries.com/steven.html]
[www.davidhernandezministries.com/beliefs.html]
[www.davidhernandezministries.com/ministries.html]
[www.davidhernandezministries.com/the-encounter-tv-network.html]
[www.davidhernandezministries.com/wordandspirit.html]
[www.davidhernandezministries.com/revival.html]
[www.davidhernandezministries.com/worship.html]
[www.davidhernandezministries.com/presence-and-power.html]
[www.davidhernandezministries.com/soakingworship.html]
[www.davidhernandezministries.com/livestreams.html]
[www.davidhernandezministries.com/podcast.html]
[www.davidhernandezministries.com/reclaimmedia.html]
[www.davidhernandezministries.com/blog.html]
[www.davidhernandezministries.com/donate.html]
[www.davidhernandezministries.com/partner.html]
[www.davidhernandezministries.com/mail-in-giving.html]
[www.davidhernandezministries.com/partnerlogin.html]
[www.davidhernandezministries.com/expand.html]
[www.davidhernandezministries.com/shop.html]
[www.davidhernandezministries.com/ecourse.html]
[www.davidhernandezministries.com/events.html]
[www.davidhernandezministries.com/contact.html]
[www.davidhernandezministries.com/prayer.html]
[www.davidhernandezministries.com/faqs.html]
[www.davidhernandezministries.com/booking.html]
[images.squarespace-cdn.com/content/v1/5a1d221bbce17620f86369aa/1512500831884-QCQSO5UQ9DF5DQUR3G7H/DHM_Dove26f7.png]
[images.squarespace-cdn.com/content/v1/5a1d221bbce17620f86369aa/1623794759041-5H72R7TWB977XAXAR79B/Website_LandingPage_NIIWG.jpg]
[www.davidhernandezministries.com/index.html]
[static1.squarespace.com/static/sitecss/5a1d221bbce17620f86369aa/117/52a74dafe4b073a80cd253c5/5a1d221bbce17620f86369be/1043/site.css]
[www.googletagmanager.com/gtm5445.html]
[connect.facebook.net/en_US/fbevents.js]
[www.davidhernandezministries.com/david.html]
[www.davidhernandezministries.com/steven.html]
[www.davidhernandezministries.com/beliefs.html]
[www.davidhernandezministries.com/ministries.html]
[www.davidhernandezministries.com/the-encounter-tv-network.html]
[www.davidhernandezministries.com/wordandspirit.html]
[www.davidhernandezministries.com/revival.html]
[www.davidhernandezministries.com/worship.html]
[www.davidhernandezministries.com/presence-and-power.html]
[www.davidhernandezministries.com/soakingworship.html]
[www.davidhernandezministries.com/livestreams.html]
[www.davidhernandezministries.com/podcast.html]
[www.davidhernandezministries.com/reclaimmedia.html]
[www.davidhernandezministries.com/blog.html]
[www.davidhernandezministries.com/donate.html]
[www.davidhernandezministries.com/partner.html]
[www.davidhernandezministries.com/mail-in-giving.html]
[www.davidhernandezministries.com/partnerlogin.html]
[www.davidhernandezministries.com/expand.html]
[www.davidhernandezministries.com/shop.html]
[www.davidhernandezministries.com/ecourse.html]
[www.davidhernandezministries.com/events.html]
[www.davidhernandezministries.com/contact.html]
[www.davidhernandezministries.com/prayer.html]
[www.davidhernandezministries.com/faqs.html]
[www.davidhernandezministries.com/booking.html]
[static1.squarespace.com/static/5a1d221bbce17620f86369aa/t/61bd4e276144a7335703eea9/1651518933875/DoveLogo_226f7.png]
[assets.squarespace.com/@sqs/polyfiller/1.2.2/legacy.js]
[assets.squarespace.com/@sqs/polyfiller/1.2.2/modern.js]
[assets.squarespace.com/universal/scripts-compressed/extract-css-runtime-8cd45f96c89dc59c2a503-min.en-US.js]
[assets.squarespace.com/universal/scripts-compressed/extract-css-moment-js-vendor-98bddc81dc37f44faa7b2-min.en-US.js]
[assets.squarespace.com/universal/scripts-compressed/cldr-resource-pack-83b0e6eb9a2c7557ad4c0-min.en-US.js]
[assets.squarespace.com/universal/scripts-compressed/common-vendors-stable-9b2a74c45b27271fd111d-min.en-US.js]
[assets.squarespace.com/universal/scripts-compressed/common-vendors-42bd3badf3779aeaa3ae4-min.en-US.js]
[assets.squarespace.com/universal/scripts-compressed/common-a45ba193ce59a133209bd-min.en-US.js]
[assets.squarespace.com/universal/scripts-compressed/commerce-867ca3fac1569a3a42ea8-min.en-US.js]
[assets.squarespace.com/universal/styles-compressed/commerce-42e904b2189a7c1684dd6-min.en-US.css]
[assets.squarespace.com/universal/scripts-compressed/performance-7532c45b5785b33eab5ea-min.en-US.js]
[www.davidhernandezministries.com/connect]
[images.squarespace-cdn.com/content/v1/5a1d221bbce17620f86369aa/1602282819184-SCYF69EG0UUYLA7H9EZ9/Praying+the+Holy+Spirit.png]
[cdn-images.mailchimp.com/embedcode/classic-10_7.css]
[s3.amazonaws.com/downloads.mailchimp.com/js/mc-validate.js]
[images.squarespace-cdn.com/content/v1/5a1d221bbce17620f86369aa/1623795013854-17UVKNPFNXRAIV53JOJA/Website_LandingPage_Media.jpg]
[images.squarespace-cdn.com/content/v1/5a1d221bbce17620f86369aa/1623795119624-U1RHSBR1O99EWUSJWMM5/Website_LandingPage_Donate.jpg]
[images.squarespace-cdn.com/content/v1/5a1d221bbce17620f86369aa/1623795195139-PYVL6O9NTK01CRMVHXMH/Website_LandingPage_Booking.jpg]
[images.squarespace-cdn.com/content/v1/5a1d221bbce17620f86369aa/1623795221366-15N6JDL9WUAB3RLCCX1F/Website_LandingPage_Events.jpg]
[images.squarespace-cdn.com/content/v1/5a1d221bbce17620f86369aa/1611101030147-3JRXFVM1Z1ZN78MGE3CZ/Stage+A1.JPG]
[static1.squarespace.com/static/ta/52a74d9ae4b0253945d2aee9/1043/scripts/site-bundle.js]
[assets.squarespace.com/universal/images-v6/damask/error-dark.png]
[assets.squarespace.com/universal/images-v6/damask/error-dark@2x.png]
[assets.squarespace.com/universal/images-v6/damask/play-button.png]
[assets.squarespace.com/universal/images-v6/damask/play-button@2x.png]
[assets.squarespace.com/universal/images-v6/damask/edit-aviary-light.png]
[assets.squarespace.com/universal/images-v6/damask/edit-aviary-light@2x.png]
[assets.squarespace.com/universal/images-v6/damask/edit-info-light.png]
[assets.squarespace.com/universal/images-v6/damask/edit-info-light@2x.png]
[assets.squarespace.com/universal/images-v6/damask/trash-9-light.png]
[assets.squarespace.com/universal/images-v6/damask/trash-9-light@2x.png]
[assets.squarespace.com/universal/images-v6/damask/trash-9-red.png]
[assets.squarespace.com/universal/images-v6/damask/trash-9-red@2x.png]
[assets.squarespace.com/universal/images-v6/damask/getty-16-light.png]
[assets.squarespace.com/universal/images-v6/damask/getty-32-light.png]
[assets.squarespace.com/universal/images-v6/damask/shopping-cart-16-light.png]
[assets.squarespace.com/universal/images-v6/damask/shopping-cart-32-light.png]
[static1.squarespace.com/universal/images-v6/icons/block-indicator-dark.png]
[static1.squarespace.com/universal/images-v6/icons/block-indicator-dark@2x.png]
[static1.squarespace.com/universal/images-v6/icons/opentable-icons.png]
[static1.squarespace.com/universal/images-v6/icons/icon-searchqueries-20-dark.png]
[static1.squarespace.com/universal/images-v6/icons/icon-searchqueries-20-light.png]
[assets.squarespace.com/universal/images-v6/icons/icon-video-24-light-solid.png]
[static1.squarespace.com/universal/images-v6/damask/image-inside-64-dark.png]
[static1.squarespace.com/universal/images-v6/damask/image-inside-128-dark.png]
[assets.squarespace.com/universal/images-v6/standard/icon_close_7_light.png]
[assets.squarespace.com/universal/images-v6/icons/icon-settings-16-light.png]
[www.davidhernandezministries.com/c]
[www.davidhernandezministries.com/b]
[www.davidhernandezministries.com/POST]
[static1.squarespace.com/static/5a1d221bbce17620f86369aa/t/61bd4e8261379829acd7b397/1639796360117/DoveLogo_226f7.png]
[assets.squarespace.com/universal/scripts-compressed/extract-css-runtime-789baaff05628f1cff6c7-min.en-US.js]
[assets.squarespace.com/universal/scripts-compressed/common-0bf3f766e4ae8d3853d56-min.en-US.js]
[assets.squarespace.com/universal/scripts-compressed/commerce-9a7411a5772d82ea97ab7-min.en-US.js]
[images.squarespace-cdn.com/content/v1/5a1d221bbce17620f86369aa/1623798303252-I7JK9GOXAD8E5KWBXP8L/About_Diga.jpg]
[static1.squarespace.com/static/5a1d221bbce17620f86369aa/t/61bd4e360d7b8841825ad01b/1639796283534/DoveLogo_226f7.png]
[images.squarespace-cdn.com/content/v1/5a1d221bbce17620f86369aa/1623797802476-ZRS36K7XTQRVWSJ5UDVH/About_Steven.jpg]
[static1.squarespace.com/static/5a1d221bbce17620f86369aa/t/61bd4e44bc1f33115108a19f/1639796296651/DoveLogo_226f7.png]
[assets.squarespace.com/universal/scripts-compressed/extract-css-runtime-6518f1b3e3ffe8023190d-min.en-US.js]
[static1.squarespace.com/static/5a1d221bbce17620f86369aa/t/61bd4e5c8f1358382a032dd6/1639796321199/DoveLogo_226f7.png]
[images.squarespace-cdn.com/content/v1/5a1d221bbce17620f86369aa/1657760630244-6YO1H7QZ8S8RMG4D2BKI/4V4A7510.JPG]
[images.squarespace-cdn.com/content/v1/5a1d221bbce17620f86369aa/1571175236994-4KICHSE36YHQC1BUSW0A/Ministries_MiracleServices.jpg]
[www.davidhernandezministries.com/spiritchurch]
[images.squarespace-cdn.com/content/v1/5a1d221bbce17620f86369aa/1571175758890-WIOXG24CN9GAIS1DPXTI/Ministries_SpiritChurch.jpg]
[images.squarespace-cdn.com/content/v1/5a1d221bbce17620f86369aa/1571176877443-6ISC2JPLKBRKUJPKELBH/Ministries_Worship.jpg]
[images.squarespace-cdn.com/content/v1/5a1d221bbce17620f86369aa/1624405550477-9OLCZVGMCKG6FKCIE144/Website_About_Ministries_EncounterPodcast.jpg]
[images.squarespace-cdn.com/content/v1/5a1d221bbce17620f86369aa/1624405568127-WVNFLLQN276BVZ90D5W3/Website_About_Ministries_DavidsBlogjpg.jpg]
[www.davidhernandezministries.com/impartationlive]
[images.squarespace-cdn.com/content/v1/5a1d221bbce17620f86369aa/1571177450613-W7NZBACC7V142MPWL2TK/Ministries_ImpartationService.jpg]
[images.squarespace-cdn.com/content/v1/5a1d221bbce17620f86369aa/1590693932569-W2QJRFEZXH5LZKYPNX1D/Ministries_HSS.jpg]
[static1.squarespace.com/static/5a1d221bbce17620f86369aa/t/61bd4c6c58121a5e2ee9fc25/1639795824089/DoveLogo_226f7.png]
[assets.squarespace.com/universal/scripts-compressed/extract-css-runtime-97feacf827da015ad3014-min.en-US.js]
[images.squarespace-cdn.com/content/v1/5a1d221bbce17620f86369aa/1624479100203-4WYQHOD0OIZ1G4UM39UF/Website_Media_ETV_SpiritChurch.jpg]
[images.squarespace-cdn.com/content/v1/5a1d221bbce17620f86369aa/1624479152145-NE0VSLE7P3JOFW5YB1P5/Website_Media_ETV_Worship.jpg]
[images.squarespace-cdn.com/content/v1/5a1d221bbce17620f86369aa/1624479190637-NWGRSXWZQF3MXIFNHPNH/Website_Media_ETV_PresenceAndPower.jpg]
[www.davidhernandezministries.com/momentoftruth]
[images.squarespace-cdn.com/content/v1/5a1d221bbce17620f86369aa/1624479300642-IH2STHMNRW6QKUOV22QK/Website_Media_ETV_MOT.jpg]
[images.squarespace-cdn.com/content/v1/5a1d221bbce17620f86369aa/1624476056915-CUC9XMPG9OC1Q0B7CIRV/ViralRevival_Square.jpg]
[www.davidhernandezministries.com/liveevents]
[images.squarespace-cdn.com/content/v1/5a1d221bbce17620f86369aa/1624920593137-TZKJWYSEEOG5VSGY3MXD/Website_Media_ETV_LiveEvents.jpg]
[images.squarespace-cdn.com/content/v1/5a1d221bbce17620f86369aa/1599501766830-8203VGU5TS9TWENIYZLE/1024_1024_YT.jpg]
[images.squarespace-cdn.com/content/v1/5a1d221bbce17620f86369aa/1625526067978-EUJI26EKTVIA9O6VJ76S/Website_DHMAppPromo.jpg]
[www.davidhernandezministries.com/app]
[static1.squarespace.com/static/5a1d221bbce17620f86369aa/t/61bd4c5bb7365e07f26b4fbb/1639795808840/DoveLogo_226f7.png]
[www.davidhernandezministries.com/_/cdn.embedly.com/widgets/media4964.html]
[www.sociablekit.com/app/embed/youtube-playlist-videos/widget.js]
[images.squarespace-cdn.com/content/v1/5a1d221bbce17620f86369aa/1625526209520-25E83L7RDGB983Z7WQ70/Website_DHMAppPromo.jpg]
[static1.squarespace.com/static/5a1d221bbce17620f86369aa/t/61bd4c45b7365e07f26b4ca0/1639795785080/DoveLogo_226f7.png]
[assets.squarespace.com/universal/scripts-compressed/extract-css-runtime-bf1632540854db294c905-min.en-US.js]
[assets.squarespace.com/universal/scripts-compressed/performance-b94e40b5dd7ceb7766f34-min.en-US.js]
[images.squarespace-cdn.com/content/v1/5a1d221bbce17620f86369aa/1624317906323-BMJ0QDA08GRM0588DD9W/ViralRevival.jpg]
[app.eztexting.com/styles/web-forms-stylesda0c.css]
[app.eztexting.com/scripts/web-form/web-form-validation.js]
[www.davidhernandezministries.com/termsandprivacy]
[www.davidhernandezministries.com/_/cdn.embedly.com/widgets/mediacc2f.html]
[images.squarespace-cdn.com/content/v1/5a1d221bbce17620f86369aa/1625526401363-EBP29DXV9TQU2FTBVC87/Website_DHMAppPromo.jpg]
[static1.squarespace.com/static/5a1d221bbce17620f86369aa/t/61bd4c371b165442afa0c5b5/1639795771193/DoveLogo_226f7.png]
[www.davidhernandezministries.com/_/cdn.embedly.com/widgets/media1e0c.html]
[images.squarespace-cdn.com/content/v1/5a1d221bbce17620f86369aa/1519937388541-89Z34HRMR79QJGMRXUN5/Steven_webgraphic_TheHolySpirit_store.jpg]
[images.squarespace-cdn.com/content/v1/5a1d221bbce17620f86369aa/1625526143576-HXXW3BEJ0O8T548GAT6C/Website_DHMAppPromo.jpg]
[static1.squarespace.com/static/5a1d221bbce17620f86369aa/t/61bd4beaf7b17c446a1c3f3f/1639795694220/DoveLogo_226f7.png]
[assets.squarespace.com/universal/scripts-compressed/extract-css-runtime-1a29b290647caaa10bc9f-min.en-US.js]
[assets.squarespace.com/universal/scripts-compressed/common-06e750a0a6a81d120f0bb-min.en-US.js]
[www.davidhernandezministries.com/_/cdn.embedly.com/widgets/mediaca09.html]
[images.squarespace-cdn.com/content/v1/5a1d221bbce17620f86369aa/1625526260423-1QFN4728S66JR0F4S9BU/Website_DHMAppPromo.jpg]
[static1.squarespace.com/static/5a1d221bbce17620f86369aa/t/6205586d7987e57475e38fb7/1644517490795/DoveLogo_226f7.png]
[assets.squarespace.com/universal/scripts-compressed/extract-css-runtime-fb0d10cddb211ed1f8898-min.en-US.js]
[www.davidhernandezministries.com/_/cdn.embedly.com/widgets/media0aa0.html]
[images.squarespace-cdn.com/content/v1/5a1d221bbce17620f86369aa/1571267886750-7II8X60MNJONTINUKZ9N/DHM_App.jpg]
[static1.squarespace.com/static/5a1d221bbce17620f86369aa/t/61bd4bbc959b171c37bc33d6/1639795648065/DoveLogo_226f7.png]
[www.davidhernandezministries.com/_/cdn.embedly.com/widgets/media75d7.html]
[images.squarespace-cdn.com/content/v1/5a1d221bbce17620f86369aa/1625526435398-ZKKEZPWIRC9MG6X3M6YL/Website_DHMAppPromo.jpg]
[static1.squarespace.com/static/5a1d221bbce17620f86369aa/t/61bd4badf06d6905b20ed9b0/1639795632756/DoveLogo_226f7.png]
[assets.squarespace.com/universal/scripts-compressed/extract-css-runtime-050b673ac317b703c6267-min.en-US.js]
[dashboard.static.subsplash.com/production/web-client/external/embed-1.1.0.js]
[images.squarespace-cdn.com/content/v1/5a1d221bbce17620f86369aa/1625526478541-IZRHIZI8ZP4RB2RJ43D2/Website_DHMAppPromo.jpg]
[static1.squarespace.com/static/5a1d221bbce17620f86369aa/t/61bd4b9e71f7db6160975b77/1639795617835/DoveLogo_226f7.png]
[www.davidhernandezministries.com/_/www.youtube.com/embed/uSur4nTGYUY3dac]
[www.davidhernandezministries.com/_/www.youtube.com/embed/uSur4nTGYUY4dbb]
[images.squarespace-cdn.com/content/v1/5a1d221bbce17620f86369aa/1625526509819-WRATJA0EIVQK7OZ2990B/Website_DHMAppPromo.jpg]
[static1.squarespace.com/static/5a1d221bbce17620f86369aa/t/61bd4b781d0c1b0eb35ec415/1639795581967/DoveLogo_226f7.png]
[www.davidhernandezministries.com/blogarchive/2022/6/17/some-good-news-and-some-bad-news]
[www.davidhernandezministries.com/blogarchive51b1]
[www.davidhernandezministries.com/blogarchive5319]
[www.davidhernandezministries.com/blogarchive40a4]
[www.davidhernandezministries.com/blogarchive/2022/6/10/flowing-with-the-holy-spirit]
[www.davidhernandezministries.com/blogarchive20b5]
[www.davidhernandezministries.com/blogarchiveb29a]
[www.davidhernandezministries.com/blogarchive38ff]
[www.davidhernandezministries.com/blogarchive/2021/4/30/repentance-change-your-mind]
[www.davidhernandezministries.com/blogarchivef178]
[www.davidhernandezministries.com/blogarchivec6f4]
[www.davidhernandezministries.com/blogarchivef582]
[www.davidhernandezministries.com/blogarchive/2022/5/27/we-need-to-focus-on-soul-winning-again]
[www.davidhernandezministries.com/blogarchive22e2]
[www.davidhernandezministries.com/blogarchiveba4b]
[www.davidhernandezministries.com/blogarchive9866]
[www.davidhernandezministries.com/blogarchive/2022/5/19/the-coming-financial-crisis]
[www.davidhernandezministries.com/blogarchive0571]
[www.davidhernandezministries.com/blogarchive4b81]
[www.davidhernandezministries.com/blogarchive4e3d]
[www.davidhernandezministries.com/blogarchive/2017/12/11/10-reasons-why-you-shouldnt-quit]
[www.davidhernandezministries.com/blogarchive829c]
[www.davidhernandezministries.com/blogarchivef691]
[www.davidhernandezministries.com/blogarchive029f]
[www.davidhernandezministries.com/blogarchive/is-being-slain-in-the-spirit-biblical]
[www.davidhernandezministries.com/blogarchivee530]
[www.davidhernandezministries.com/blogarchive85cb]
[www.davidhernandezministries.com/blogarchive/2022/4/29/the-sound-of-heaven]
[www.davidhernandezministries.com/blogarchive9378]
[www.davidhernandezministries.com/blogarchive/2022/4/22/seeing-divine-visions]
[www.davidhernandezministries.com/blogarchive567d]
[www.davidhernandezministries.com/blogarchive2765]
[www.davidhernandezministries.com/blogarchive/2022/4/15/healing-deliverance-gifts-and-miracles-are-for-today-the-problems-with-cessationism]
[www.davidhernandezministries.com/blogarchivefb61]
[www.davidhernandezministries.com/blogarchive5286]
[www.davidhernandezministries.com/blogarchive8a60]
[www.davidhernandezministries.com/blogarchive/index.html]
[images.squarespace-cdn.com/content/v1/5a1d221bbce17620f86369aa/1625526566429-ZXX5S106FA8WXVI1OVBB/Website_DHMAppPromo.jpg]
[static1.squarespace.com/static/5a1d221bbce17620f86369aa/t/61bd4a5bed71ef2513fbf961/1644256366077/DoveLogo_226f7.png]
[static1.squarespace.com/static/5a1d221bbce17620f86369aa/t/62b0cbc114b1e129a1bb0d52/1639795516207/DoveLogo_226f7.png]
[images.squarespace-cdn.com/content/v1/5a1d221bbce17620f86369aa/1656545664935-BKIQSX7ETWBB0Y4E58Y6/PartnerGiving.jpg]
[static1.squarespace.com/static/5a1d221bbce17620f86369aa/t/61bd4b491b165442afa0a30f/1639795532893/DoveLogo_226f7.png]
[assets.squarespace.com/universal/scripts-compressed/extract-css-runtime-b00a6237da0c89096ecaa-min.en-US.js]
[images.squarespace-cdn.com/content/v1/5a1d221bbce17620f86369aa/1571341798356-I4410SG0KZBL81NWQIKB/Donate_Pic_3.jpg]
[www.davidhernandezministries.com/_https_/fs26.formsite.com/include/form/embedManager3157.js]
[fs26.formsite.com/include/form/embedManagere201.js]
[static1.squarespace.com/static/5a1d221bbce17620f86369aa/t/61bd4b5fde30e80f95e2c6c7/1639795554577/DoveLogo_226f7.png]
[www.davidhernandezministries.com/reserve]
[images.squarespace-cdn.com/content/v1/5a1d221bbce17620f86369aa/1571268598271-AIWLW7IRT130FPM39RPN/DHM_App.jpg]
[static1.squarespace.com/static/5a1d221bbce17620f86369aa/t/61bd4b8d4f0c5a722e5552ee/1647933554347/DoveLogo_226f7.png]
[images.squarespace-cdn.com/content/v1/5a1d221bbce17620f86369aa/1643307768643-KJYFFI8I1KIORMKF0KZB/LandingPage_HeadingText.jpg]
[www.davidhernandezministries.com/_https_/player.vimeo.com/video/7166402376a8b]
[www.davidhernandezministries.com/_https_/player.vimeo.com/video/71664023769e7]
[images.squarespace-cdn.com/content/v1/5a1d221bbce17620f86369aa/1635743510713-CD5IH6Q43YXVVR9HQA7W/DJI_0988.jpg]
[images.squarespace-cdn.com/content/v1/5a1d221bbce17620f86369aa/1635752732827-VVG9L2DT3R5C6TSVX6Y6/Screen+Shot+2021-10-31+at+2.25.13+PM.png]
[www.davidhernandezministries.com/_]
[images.squarespace-cdn.com/content/v1/5a1d221bbce17620f86369aa/1643308592898-EWARXN8MV29110M50II1/Expand_WinSouls.jpg]
[images.squarespace-cdn.com/content/v1/5a1d221bbce17620f86369aa/1643309679078-VUA1BQG8Y7WTZQ5H0OLW/Vision_1_WinSouls.jpg]
[images.squarespace-cdn.com/content/v1/5a1d221bbce17620f86369aa/1643309928803-YOUFARE55R491UN41OZR/Expand_BuildBelievers.jpg]
[images.squarespace-cdn.com/content/v1/5a1d221bbce17620f86369aa/1643309989357-95ZSB7BSNDPIQ55H5MKW/Vision_2_BuildBelievers.jpg]
[images.squarespace-cdn.com/content/v1/5a1d221bbce17620f86369aa/1643311435883-0TYYK60RPLMKSXRZVTM5/Expand_EndTimeHarvstjpg.jpg]
[images.squarespace-cdn.com/content/v1/5a1d221bbce17620f86369aa/1643311222554-7O0WF9BA7FIE5KMYUDXA/Vision_3_ReapHarvest.jpg]
[images.squarespace-cdn.com/content/v1/5a1d221bbce17620f86369aa/1643311642306-NADU4R70N4R2TPSM4EIN/Expand_ImpactTheGeneration.jpg]
[images.squarespace-cdn.com/content/v1/5a1d221bbce17620f86369aa/1643311250329-E637OOMQPHR5CADWY2SF/Vision_4_ImpactGeneration.jpg]
[images.squarespace-cdn.com/content/v1/5a1d221bbce17620f86369aa/1643311916007-6QNAW992JDPYUIO2V56C/Expand_KingdomDominion.jpg]
[images.squarespace-cdn.com/content/v1/5a1d221bbce17620f86369aa/1643311270845-8WUCDLZGVSHWN34Y2VDX/Vision_5_KingdomDominion.jpg]
[images.squarespace-cdn.com/content/v1/5a1d221bbce17620f86369aa/1643312152930-N9R1ETNUO8QSYYKE8CM2/Expand_DefeatCensorship.jpg]
[images.squarespace-cdn.com/content/v1/5a1d221bbce17620f86369aa/1643311357577-T98QRS5P0JVR8Y500EPK/Vision_6_BigTechCensorship.jpg]
[images.squarespace-cdn.com/content/v1/5a1d221bbce17620f86369aa/1643312242833-1O0BCEZETBB0DWJ0L4OA/Expand_EmpowerMinistries.jpg]
[images.squarespace-cdn.com/content/v1/5a1d221bbce17620f86369aa/1643311389716-DNTVZQGLQPVBS9OC5J2D/Vision_7_EmpowerMinistries.jpg]
[static1.squarespace.com/static/5a1d221bbce17620f86369aa/t/61a6a6c483929d5bc5530131/1638311625906/D40CC649-19AC-42A2-B8A7-7CE776C1578626f7.JPG]
[www.davidhernandezministries.com/shopa82a]
[www.davidhernandezministries.com/shop2031]
[www.davidhernandezministries.com/shop8dd0]
[www.davidhernandezministries.com/shop8196]
[www.davidhernandezministries.com/shop/friend-of-the-holy-spirit-unisex-sweatshirt-free-domestic-shipping]
[www.davidhernandezministries.com/shop/9-symbols-of-the-holy-spirit-alpine-green-hooded-sweatshirt]
[www.davidhernandezministries.com/shop/praying-in-the-holy-spirit]
[www.davidhernandezministries.com/shop/holy-spirit-book-bundle]
[www.davidhernandezministries.com/shop/encountering-the-holy-spirit-in-every-book-of-the-bible]
[www.davidhernandezministries.com/shop/carriers-of-the-glory-becoming-a-friend-of-the-holy-spirit]
[www.davidhernandezministries.com/shop/25-truths-about-demons-and-spiritual-warefare-uncover-the-hidden-effects-of-demonic-influence]
[www.davidhernandezministries.com/shop/the-holy-spirit-steven-moctezuma]
[www.davidhernandezministries.com/shop/chinese-translation-carriers-of-the-glory-becoming-a-friend-of-the-holy-spirit]
[static1.squarespace.com/static/5a1d221bbce17620f86369aa/t/5a26edd5652deae20d3968a9/1512500699546/DHM_Dove_blue26f7.png]
[images.squarespace-cdn.com/content/v1/5a1d221bbce17620f86369aa/1593823002884-ILMYV2O6NZYUZK37WOVF/Ministries_HSS.jpg]
[static1.squarespace.com/static/5a1d221bbce17620f86369aa/t/61bd4ca2d218e52af0a823e0/1639795879549/DoveLogo_226f7.png]
[www.davidhernandezministries.com/events/novemberencounter]
[www.davidhernandezministries.com/events/novemberencounterd859]
[www.davidhernandezministries.com/socal]
[www.davidhernandezministries.com/events/septencounter]
[www.davidhernandezministries.com/events/octobercall]
[www.davidhernandezministries.com/events/octobercalld859]
[www.davidhernandezministries.com/events/septencounterd859]
[www.davidhernandezministries.com/events/norcalencounter]
[www.davidhernandezministries.com/events/norcalencounterd859]
[www.davidhernandezministries.com/events/kansascity]
[www.davidhernandezministries.com/events/kansascityd859]
[static1.squarespace.com/static/5a1d221bbce17620f86369aa/t/61bd4cb35f37d21364d560b9/1651518643126/DoveLogo_226f7.png]
[www.davidhernandezministries.com/_https_/fs26.formsite.com/include/form/embedManager2ba9.js]
[fs26.formsite.com/include/form/embedManager964b.js]
[static1.squarespace.com/static/5a1d221bbce17620f86369aa/t/61bd4cc20ddc7813045a9f34/1639795910515/DoveLogo_226f7.png]
[www.davidhernandezministries.com/_https_/fs26.formsite.com/include/form/embedManager42b8.js]
[fs26.formsite.com/include/form/embedManager9e76.js]
[static1.squarespace.com/static/5a1d221bbce17620f86369aa/t/61bd4ce05f37d21364d568c2/1639795942977/DoveLogo_226f7.png]
[assets.squarespace.com/universal/scripts-compressed/extract-css-runtime-8a547860193b00f488e13-min.en-US.js]
[www.davidhernandezministries.com/email]
[static1.squarespace.com/static/5a1d221bbce17620f86369aa/t/61bd4df2de30e80f95e31e9f/1639796215238/DoveLogo_226f7.png]
[images.squarespace-cdn.com/content/v1/5a1d221bbce17620f86369aa/1624919871609-A8I4B8V4LHY646JJUXRC/Website_Booking_Diga.jpg]
[www.davidhernandezministries.com/_https_/fs26.formsite.com/include/form/embedManagerdb68.js]
[fs26.formsite.com/include/form/embedManager67dd.js]
